5 45 44 42 33 35 37 46 49 41 30 29 20 48 38 47 40 36 34 24 25 26 28 23 31 27 32 22 12 19 17 15 21 16 8 4 13 3 1 2 0 7 9 39 18 6 10 11 14 43 
