98 86 95 87 96 93 81 80 76 92 84 71 74 72 68 58 70 66 59 67 64 57 48 54 53 42 50 35 46 33 37 30 32 41 34 25 29 28 23 20 21 19 27 18 12 17 11 0 2 1 3 4 8 5 6 7 9 10 13 14 15 16 22 24 26 31 36 38 39 40 43 44 45 47 49 51 52 55 56 60 61 62 63 65 69 73 75 77 78 79 82 83 85 88 89 90 91 94 97 99 
