94 95 85 89 93 92 96 90 88 81 83 79 80 97 91 74 75 73 71 87 86 84 77 60 67 68 76 66 46 51 42 65 64 63 62 57 35 38 40 53 48 54 56 49 47 45 36 34 55 50 33 29 30 20 22 31 27 25 28 26 21 17 44 32 18 24 16 11 15 14 8 23 13 2 7 0 1 4 5 10 6 3 12 9 19 37 39 41 43 52 58 59 61 69 70 72 78 82 98 99 
