98 99 97 71 88 77 89 69 95 96 94 67 93 70 64 90 83 63 86 91 82 66 62 81 61 42 74 73 72 85 76 78 92 68 1 75 65 23 40 57 49 60 48 47 28 46 45 41 37 9 33 19 12 27 30 35 34 36 32 56 54 50 51 55 52 29 58 43 31 26 20 17 14 24 53 59 44 18 8 3 15 16 13 0 2 11 6 10 4 7 5 21 22 25 38 39 79 80 84 87 
