99 98 92 88 94 87 85 90 78 76 74 72 75 59 71 64 70 62 63 61 55 56 60 57 49 52 51 47 53 43 46 45 40 39 42 32 28 21 31 10 12 25 13 6 24 2 0 11 3 9 1 5 4 7 8 14 15 16 17 18 19 20 22 23 26 27 29 30 33 34 35 36 37 38 41 44 48 50 54 58 65 66 67 68 69 73 77 79 80 81 82 83 84 86 89 91 93 95 96 97 
