98 85 94 82 89 83 79 71 81 72 70 69 73 68 61 60 56 63 58 50 51 48 47 44 41 46 39 43 36 31 35 34 33 20 26 32 25 18 22 21 13 14 9 4 7 3 2 1 0 6 5 8 10 11 12 15 16 17 19 23 24 27 28 29 30 37 38 40 42 45 49 52 53 54 55 57 59 62 64 65 66 67 74 75 76 77 78 80 84 86 87 88 90 91 92 93 95 96 97 99 
