45 17 44 25 48 47 46 49 32 2 34 30 38 43 29 35 37 39 28 8 19 16 13 5 21 7 26 22 9 1 15 27 24 4 3 10 42 12 23 11 6 41 0 14 18 20 36 31 33 40 
